// Jest Snapshot v1, https://goo.gl/fbAQLP

exports[`Home screen renders correctly 1`] = `
<View
  style={
    Object {
      "backgroundColor": "rgba(0,0,0,0)",
      "flex": 1,
    }
  }
>
  <RCTScrollView
    style={
      Object {
        "paddingBottom": 10,
      }
    }
  >
    <View>
      <View
        style={
          Object {
            "alignItems": "center",
          }
        }
      />
      <View
        style={
          Object {
            "margin": 25,
            "padding": 10,
          }
        }
      >
        <Text
          accessible={true}
          allowFontScaling={true}
          ellipsizeMode="tail"
          style={
            Object {
              "color": "white",
              "fontFamily": "Avenir-Book",
              "fontSize": 17,
              "marginVertical": 5,
              "paddingVertical": 20,
              "textAlign": "center",
            }
          }
        >
          This probably isn't what your app is going to look like. Unless your designer handed you this screen and, in that case, congrats! You're ready to ship. For everyone else, this is where you'll see a live preview of your fully functioning app using Ignite.
        </Text>
      </View>
    </View>
  </RCTScrollView>
</View>
`;
